// Jest Snapshot v1, https://goo.gl/fbAQLP

exports[`<HomeText /> should render correctly. 1`] = `
<div
  className="col-lg-7 my-auto"
>
  <div
    className="content mx-auto"
  >
    <h1
      className="mb-5"
    >
      main text
    </h1>
    <Link
      className="btn btn-outline btn-xl"
      to="/feed"
    >
      button text samole
    </Link>
  </div>
</div>
`;
